This is pdfTeX, Version 3.141592653-2.6-1.40.27 (MiKTeX 25.4) (preloaded format=pdflatex 2025.9.24)  23 MAY 2026 14:28
entering extended mode
 restricted \write18 enabled.
 file:line:error style messages enabled.
 %&-line parsing enabled.
**"c:/Users/DEll/Desktop/Master IT/S4/PFE/Articals/My Artical/lettre_motivation_capgemini.tex"
(c:/Users/DEll/Desktop/Master IT/S4/PFE/Articals/My Artical/lettre_motivation_capgemini.tex
LaTeX2e <2025-06-01> patch level 1
L3 programming layer <2025-09-02>

! LaTeX Error: File `awesome-cv.cls' not found.

Type X to quit or <RETURN> to proceed,
or enter new name. (Default extension: cls)

Enter file name: 
c:/Users/DEll/Desktop/Master IT/S4/PFE/Articals/My Artical/lettre_motivation_capgemini.tex:5: Emergency stop.
<read *> 
         
l.5 \geometry
             {left=1.4cm, top=.8cm, right=1.4cm, bottom=1.8cm, footskip=.5cm...
*** (cannot \read from terminal in nonstop modes)

 
Here is how much of TeX's memory you used:
 23 strings out of 468130
 737 string characters out of 5431117
 430987 words of memory out of 5000000
 28742 multiletter control sequences out of 15000+600000
 626825 words of font info for 40 fonts, out of 8000000 for 9000
 1141 hyphenation exceptions out of 8191
 19i,0n,29p,204b,17s stack positions out of 10000i,1000n,20000p,200000b,200000s
c:/Users/DEll/Desktop/Master IT/S4/PFE/Articals/My Artical/lettre_motivation_capgemini.tex:5:  ==> Fatal error occurred, no output PDF file produced!
