\BOOKMARK [0][-]{chapter*.2}{\376\377\000A\000v\000a\000n\000t\000-\000p\000r\000o\000p\000o\000s\000\040\000:\000\040\000A\000c\000t\000i\000v\000i\000t\000\351\000s\000\040\000r\000\351\000c\000e\000n\000t\000e\000s\000\040\000e\000t\000\040\000p\000r\000o\000g\000r\000\350\000s}{}% 1
\BOOKMARK [1][-]{section*.3}{\376\377\0001\000.\000\040\000F\000o\000r\000m\000a\000t\000i\000o\000n\000s\000\040\000e\000t\000\040\000c\000e\000r\000t\000i\000f\000i\000c\000a\000t\000i\000o\000n\000s\000\040\000s\000u\000i\000v\000i\000e\000s}{chapter*.2}% 2
\BOOKMARK [1][-]{table.caption.4}{\376\377\0002\000.\000\040\000A\000v\000a\000n\000c\000e\000m\000e\000n\000t\000\040\000d\000e\000\040\000l\000a\000\040\000r\000\351\000d\000a\000c\000t\000i\000o\000n\000\040\000s\000c\000i\000e\000n\000t\000i\000f\000i\000q\000u\000e}{chapter*.2}% 3
\BOOKMARK [1][-]{table.caption.6}{\376\377\0003\000.\000\040\000A\000c\000t\000i\000v\000i\000t\000\351\000s\000\040\000d\000'\000e\000n\000s\000e\000i\000g\000n\000e\000m\000e\000n\000t}{chapter*.2}% 4
\BOOKMARK [0][-]{chapter.1}{\376\377\000C\000o\000n\000t\000e\000x\000t\000e\000\040\000g\000\351\000n\000\351\000r\000a\000l\000\040\000d\000u\000\040\000s\000u\000j\000e\000t}{}% 5
\BOOKMARK [1][-]{section.1.1}{\376\377\000L\000'\000\351\000v\000o\000l\000u\000t\000i\000o\000n\000\040\000d\000e\000\040\000l\000a\000\040\000m\000a\000i\000n\000t\000e\000n\000a\000n\000c\000e\000\040\000i\000n\000d\000u\000s\000t\000r\000i\000e\000l\000l\000e}{chapter.1}% 6
\BOOKMARK [1][-]{section.1.2}{\376\377\000L\000e\000\040\000p\000r\000o\000b\000l\000\350\000m\000e\000\040\000f\000o\000n\000d\000a\000m\000e\000n\000t\000a\000l\000\040\000:\000\040\000d\000e\000s\000\040\000d\000o\000n\000n\000\351\000e\000s\000\040\000u\000t\000i\000l\000e\000s\000\040\000m\000a\000i\000s\000\040\000i\000n\000a\000c\000c\000e\000s\000s\000i\000b\000l\000e\000s}{chapter.1}% 7
\BOOKMARK [1][-]{section.1.3}{\376\377\000P\000o\000s\000i\000t\000i\000o\000n\000n\000e\000m\000e\000n\000t\000\040\000d\000e\000\040\000l\000a\000\040\000t\000h\000\350\000s\000e}{chapter.1}% 8
\BOOKMARK [0][-]{chapter.2}{\376\377\000C\000o\000n\000c\000e\000p\000t\000s\000\040\000d\000e\000\040\000b\000a\000s\000e}{}% 9
\BOOKMARK [1][-]{section.2.1}{\376\377\000L\000'\000a\000p\000p\000r\000e\000n\000t\000i\000s\000s\000a\000g\000e\000\040\000f\000\351\000d\000\351\000r\000\351\000\040\000\050\000F\000e\000d\000e\000r\000a\000t\000e\000d\000\040\000L\000e\000a\000r\000n\000i\000n\000g\000\051}{chapter.2}% 10
\BOOKMARK [1][-]{section.2.2}{\376\377\000L\000e\000s\000\040\000s\000\351\000r\000i\000e\000s\000\040\000t\000e\000m\000p\000o\000r\000e\000l\000l\000e\000s\000\040\000i\000n\000d\000u\000s\000t\000r\000i\000e\000l\000l\000e\000s}{chapter.2}% 11
\BOOKMARK [1][-]{section.2.3}{\376\377\000L\000a\000\040\000m\000a\000i\000n\000t\000e\000n\000a\000n\000c\000e\000\040\000p\000r\000\351\000d\000i\000c\000t\000i\000v\000e}{chapter.2}% 12
\BOOKMARK [1][-]{section.2.4}{\376\377\000L\000e\000s\000\040\000F\000o\000u\000n\000d\000a\000t\000i\000o\000n\000\040\000M\000o\000d\000e\000l\000s\000\040\000p\000o\000u\000r\000\040\000s\000\351\000r\000i\000e\000s\000\040\000t\000e\000m\000p\000o\000r\000e\000l\000l\000e\000s}{chapter.2}% 13
\BOOKMARK [0][-]{chapter.3}{\376\377\000\311\000t\000a\000t\000\040\000d\000e\000\040\000l\000'\000a\000r\000t}{}% 14
\BOOKMARK [1][-]{section.3.1}{\376\377\000C\000a\000r\000t\000o\000g\000r\000a\000p\000h\000i\000e\000\040\000d\000u\000\040\000d\000o\000m\000a\000i\000n\000e\000\040\000d\000e\000\040\000r\000e\000c\000h\000e\000r\000c\000h\000e}{chapter.3}% 15
\BOOKMARK [1][-]{section.3.2}{\376\377\000F\000o\000u\000n\000d\000a\000t\000i\000o\000n\000\040\000M\000o\000d\000e\000l\000s\000\040\000p\000o\000u\000r\000\040\000s\000\351\000r\000i\000e\000s\000\040\000t\000e\000m\000p\000o\000r\000e\000l\000l\000e\000s}{chapter.3}% 16
\BOOKMARK [2][-]{subsection.3.2.1}{\376\377\000P\000a\000n\000o\000r\000a\000m\000a\000\040\000d\000e\000s\000\040\000m\000o\000d\000\350\000l\000e\000s\000\040\000e\000x\000i\000s\000t\000a\000n\000t\000s\000\040\000\050\0002\0000\0002\0003\040\023\0002\0000\0002\0004\000\051}{section.3.2}% 17
\BOOKMARK [2][-]{subsection.3.2.2}{\376\377\000L\000i\000m\000i\000t\000a\000t\000i\000o\000n\000s\000\040\000d\000a\000n\000s\000\040\000l\000e\000\040\000c\000o\000n\000t\000e\000x\000t\000e\000\040\000i\000n\000d\000u\000s\000t\000r\000i\000e\000l}{section.3.2}% 18
\BOOKMARK [1][-]{section.3.3}{\376\377\000F\000e\000d\000e\000r\000a\000t\000e\000d\000\040\000L\000e\000a\000r\000n\000i\000n\000g\000\040\000p\000o\000u\000r\000\040\000F\000o\000u\000n\000d\000a\000t\000i\000o\000n\000\040\000M\000o\000d\000e\000l\000s}{chapter.3}% 19
\BOOKMARK [2][-]{subsection.3.3.1}{\376\377\000S\000t\000r\000a\000t\000\351\000g\000i\000e\000s\000\040\000d\000e\000\040\000p\000e\000r\000s\000o\000n\000n\000a\000l\000i\000s\000a\000t\000i\000o\000n\000\040\000f\000\351\000d\000\351\000r\000\351\000e\000\040\000\050\000N\000L\000P\000/\000V\000i\000s\000i\000o\000n\000\051}{section.3.3}% 20
\BOOKMARK [2][-]{subsection.3.3.2}{\376\377\000T\000r\000a\000n\000s\000p\000o\000s\000i\000t\000i\000o\000n\000\040\000a\000u\000x\000\040\000s\000\351\000r\000i\000e\000s\000\040\000t\000e\000m\000p\000o\000r\000e\000l\000l\000e\000s}{section.3.3}% 21
\BOOKMARK [1][-]{section.3.4}{\376\377\000F\000e\000d\000e\000r\000a\000t\000e\000d\000\040\000T\000i\000m\000e\000\040\000S\000e\000r\000i\000e\000s\000\040\000F\000o\000u\000n\000d\000a\000t\000i\000o\000n\000\040\000M\000o\000d\000e\000l\000s\000\040\000:\000\040\000l\000e\000s\000\040\000t\000r\000o\000i\000s\000\040\000t\000r\000a\000v\000a\000u\000x\000\040\000e\000x\000i\000s\000t\000a\000n\000t\000s}{chapter.3}% 22
\BOOKMARK [2][-]{subsection.3.4.1}{\376\377\000T\000a\000b\000l\000e\000a\000u\000\040\000c\000o\000m\000p\000a\000r\000a\000t\000i\000f\000\040\000d\000e\000s\000\040\000t\000r\000a\000v\000a\000u\000x\000\040\000\340\000\040\000l\000'\000i\000n\000t\000e\000r\000s\000e\000c\000t\000i\000o\000n}{section.3.4}% 23
\BOOKMARK [2][-]{subsection.3.4.2}{\376\377\000A\000n\000a\000l\000y\000s\000e\000\040\000c\000r\000i\000t\000i\000q\000u\000e\000\040\000p\000a\000r\000\040\000t\000r\000a\000v\000a\000i\000l}{section.3.4}% 24
\BOOKMARK [1][-]{section.3.5}{\376\377\000F\000e\000d\000e\000r\000a\000t\000e\000d\000\040\000L\000e\000a\000r\000n\000i\000n\000g\000\040\000e\000t\000\040\000M\000a\000i\000n\000t\000e\000n\000a\000n\000c\000e\000\040\000P\000r\000\351\000d\000i\000c\000t\000i\000v\000e}{chapter.3}% 25
\BOOKMARK [2][-]{subsection.3.5.1}{\376\377\000T\000r\000a\000v\000a\000u\000x\000\040\000F\000L\000\040\000a\000p\000p\000l\000i\000q\000u\000\351\000s\000\040\000\340\000\040\000l\000a\000\040\000m\000a\000i\000n\000t\000e\000n\000a\000n\000c\000e}{section.3.5}% 26
\BOOKMARK [2][-]{subsection.3.5.2}{\376\377\000C\000o\000n\000s\000t\000a\000t\000\040\000m\000a\000j\000e\000u\000r\000\040\000:\000\040\000a\000b\000s\000e\000n\000c\000e\000\040\000d\000e\000\040\000F\000o\000u\000n\000d\000a\000t\000i\000o\000n\000\040\000M\000o\000d\000e\000l\000s}{section.3.5}% 27
\BOOKMARK [0][-]{chapter.4}{\376\377\000P\000r\000o\000b\000l\000\351\000m\000a\000t\000i\000q\000u\000e\000s\000\040\000i\000d\000e\000n\000t\000i\000f\000i\000\351\000e\000s}{}% 28
\BOOKMARK [1][-]{section.4.1}{\376\377\000P\0001\000\040\040\024\000\040\000L\000a\000\040\000p\000e\000r\000s\000o\000n\000n\000a\000l\000i\000s\000a\000t\000i\000o\000n\000\040\000f\000\351\000d\000\351\000r\000\351\000e\000\040\000s\000u\000r\000\040\000d\000o\000n\000n\000\351\000e\000s\000\040\000h\000\351\000t\000\351\000r\000o\000g\000\350\000n\000e\000s}{chapter.4}% 29
\BOOKMARK [1][-]{section.4.2}{\376\377\000P\0002\000\040\040\024\000\040\000L\000'\000a\000b\000s\000e\000n\000c\000e\000\040\000d\000e\000\040\000b\000e\000n\000c\000h\000m\000a\000r\000k\000\040\000f\000\351\000d\000\351\000r\000\351\000\040\000s\000t\000a\000n\000d\000a\000r\000d\000i\000s\000\351}{chapter.4}% 30
\BOOKMARK [1][-]{section.4.3}{\376\377\000P\0003\000\040\040\024\000\040\000L\000'\000i\000n\000c\000o\000m\000p\000a\000t\000i\000b\000i\000l\000i\000t\000\351\000\040\000a\000r\000c\000h\000i\000t\000e\000c\000t\000u\000r\000a\000l\000e\000\040\000d\000e\000s\000\040\000T\000S\000\040\000F\000M\000s\000\040\000a\000v\000e\000c\000\040\000l\000e\000\040\000F\000L}{chapter.4}% 31
\BOOKMARK [1][-]{section.4.4}{\376\377\000P\0004\000\040\040\024\000\040\000L\000'\000i\000n\000a\000d\000\351\000q\000u\000a\000t\000i\000o\000n\000\040\000a\000u\000x\000\040\000d\000o\000n\000n\000\351\000e\000s\000\040\000i\000n\000d\000u\000s\000t\000r\000i\000e\000l\000l\000e\000s\000\040\000r\000\351\000e\000l\000l\000e\000s}{chapter.4}% 32
\BOOKMARK [1][-]{section.4.5}{\376\377\000S\000y\000n\000t\000h\000\350\000s\000e\000\040\000:\000\040\000c\000a\000r\000t\000e\000\040\000d\000e\000s\000\040\000g\000a\000p\000s}{chapter.4}% 33
\BOOKMARK [0][-]{chapter.5}{\376\377\000C\000o\000n\000t\000r\000i\000b\000u\000t\000i\000o\000n\000s\000\040\000e\000n\000v\000i\000s\000a\000g\000\351\000e\000s}{}% 34
\BOOKMARK [1][-]{section.5.1}{\376\377\000V\000u\000e\000\040\000d\000'\000e\000n\000s\000e\000m\000b\000l\000e\000\040\000d\000u\000\040\000p\000l\000a\000n\000\040\000d\000e\000\040\000c\000o\000n\000t\000r\000i\000b\000u\000t\000i\000o\000n\000s}{chapter.5}% 35
\BOOKMARK [1][-]{section.5.2}{\376\377\000C\0001\000\040\040\024\000\040\000F\000e\000d\000P\000E\000F\000T\000-\000T\000S\000\040\000:\000\040\000p\000e\000r\000s\000o\000n\000n\000a\000l\000i\000s\000a\000t\000i\000o\000n\000\040\000f\000\351\000d\000\351\000r\000\351\000e\000\040\000p\000o\000u\000r\000\040\000T\000S\000\040\000F\000M\000s}{chapter.5}% 36
\BOOKMARK [1][-]{section.5.3}{\376\377\000C\0002\000\040\040\024\000\040\000F\000e\000d\000T\000S\000-\000B\000e\000n\000c\000h\000\040\000:\000\040\000b\000e\000n\000c\000h\000m\000a\000r\000k\000\040\000f\000\351\000d\000\351\000r\000\351\000\040\000p\000o\000u\000r\000\040\000l\000a\000\040\000m\000a\000i\000n\000t\000e\000n\000a\000n\000c\000e\000\040\000i\000n\000d\000u\000s\000t\000r\000i\000e\000l\000l\000e}{chapter.5}% 37
\BOOKMARK [1][-]{section.5.4}{\376\377\000C\0003\000\040\040\024\000\040\000F\000e\000d\000T\000S\000F\000M\000-\000A\000r\000c\000h\000\040\000:\000\040\000a\000r\000c\000h\000i\000t\000e\000c\000t\000u\000r\000e\000\040\000T\000S\000\040\000F\000M\000\040\000n\000a\000t\000i\000v\000e\000\040\000F\000L}{chapter.5}% 38
\BOOKMARK [1][-]{section.5.5}{\376\377\000C\0004\000\040\040\024\000\040\000I\000n\000d\000u\000s\000F\000e\000d\000F\000M\000\040\000:\000\040\000v\000a\000l\000i\000d\000a\000t\000i\000o\000n\000\040\000i\000n\000d\000u\000s\000t\000r\000i\000e\000l\000l\000e\000\040\000m\000u\000l\000t\000i\000-\000d\000o\000m\000a\000i\000n\000e\000s}{chapter.5}% 39
\BOOKMARK [0][-]{chapter.6}{\376\377\000C\000o\000n\000t\000e\000n\000u\000\040\000d\000e\000s\000\040\000p\000u\000b\000l\000i\000c\000a\000t\000i\000o\000n\000s\000\040\000p\000r\000\351\000v\000u\000e\000s}{}% 40
\BOOKMARK [1][-]{section.6.1}{\376\377\000S\000t\000r\000a\000t\000\351\000g\000i\000e\000\040\000d\000e\000\040\000p\000u\000b\000l\000i\000c\000a\000t\000i\000o\000n}{chapter.6}% 41
\BOOKMARK [1][-]{section.6.2}{\376\377\000D\000\351\000t\000a\000i\000l\000\040\000p\000a\000r\000\040\000p\000u\000b\000l\000i\000c\000a\000t\000i\000o\000n}{chapter.6}% 42
\BOOKMARK [1][-]{section.6.3}{\376\377\000F\000i\000l\000\040\000n\000a\000r\000r\000a\000t\000i\000f\000\040\000d\000e\000\040\000l\000a\000\040\000t\000h\000\350\000s\000e}{chapter.6}% 43
\BOOKMARK [0][-]{chapter.7}{\376\377\000C\000o\000n\000f\000\351\000r\000e\000n\000c\000e\000s\000\040\000e\000t\000\040\000j\000o\000u\000r\000n\000a\000u\000x\000\040\000c\000i\000b\000l\000\351\000s}{}% 44
\BOOKMARK [1][-]{section.7.1}{\376\377\000C\000o\000n\000f\000\351\000r\000e\000n\000c\000e\000s\000\040\040\024\000\040\000s\000o\000u\000m\000i\000s\000s\000i\000o\000n\000s\000\040\000r\000a\000p\000i\000d\000e\000s\000\040\000\050\000P\0001\000,\000\040\000P\0002\000\051}{chapter.7}% 45
\BOOKMARK [1][-]{section.7.2}{\376\377\000J\000o\000u\000r\000n\000a\000u\000x\000\040\040\024\000\040\000c\000o\000n\000t\000r\000i\000b\000u\000t\000i\000o\000n\000s\000\040\000m\000a\000j\000e\000u\000r\000e\000s\000\040\000\050\000P\0003\000,\000\040\000P\0004\000\051}{chapter.7}% 46
\BOOKMARK [1][-]{section.7.3}{\376\377\000S\000t\000r\000a\000t\000\351\000g\000i\000e\000\040\000d\000e\000\040\000s\000o\000u\000m\000i\000s\000s\000i\000o\000n\000\040\000r\000e\000c\000o\000m\000m\000a\000n\000d\000\351\000e}{chapter.7}% 47
\BOOKMARK [0][-]{chapter.8}{\376\377\000P\000l\000a\000n\000\040\000d\000e\000\040\000t\000r\000a\000v\000a\000i\000l\000\040\000e\000t\000\040\000p\000r\000o\000c\000h\000a\000i\000n\000e\000s\000\040\000\351\000t\000a\000p\000e\000s}{}% 48
\BOOKMARK [1][-]{section.8.1}{\376\377\000P\000r\000i\000o\000r\000i\000t\000\351\000s\000\040\000i\000m\000m\000\351\000d\000i\000a\000t\000e\000s\000\040\000\050\0002\0000\0002\0005\000-\0002\0000\0002\0006\000\051}{chapter.8}% 49
\BOOKMARK [1][-]{section.8.2}{\376\377\000C\000a\000l\000e\000n\000d\000r\000i\000e\000r\000\040\000p\000r\000\351\000v\000i\000s\000i\000o\000n\000n\000e\000l\000\040\000s\000u\000r\000\040\0003\000\040\000a\000n\000s}{chapter.8}% 50
\BOOKMARK [1][-]{section.8.3}{\376\377\000C\000o\000h\000\351\000r\000e\000n\000c\000e\000\040\000d\000'\000e\000n\000s\000e\000m\000b\000l\000e}{chapter.8}% 51
